============================= test session starts =============================
platform win32 -- Python 3.11.9, pytest-7.4.3, pluggy-1.6.0 -- C:\Users\ADMIN\AppData\Local\Microsoft\WindowsApps\PythonSoftwareFoundation.Python.3.11_qbz5n2kfra8p0\python.exe
cachedir: .pytest_cache
rootdir: C:\Users\ADMIN\new-project
plugins: anyio-3.7.1, asyncio-0.21.1
asyncio: mode=Mode.STRICT
collecting ... collected 1 item

tests/test_matches_api_intelligence.py::test_get_my_matches_with_intelligence FAILED [100%]

================================== FAILURES ===================================
____________________ test_get_my_matches_with_intelligence ____________________

client = <starlette.testclient.TestClient object at 0x00000184D85E3950>
session = <sqlalchemy.orm.session.Session object at 0x00000184D8E25350>

    def test_get_my_matches_with_intelligence(client, session):
        # 1. Create test user and candidate
>       test_user = User(email="seeker@example.com", username="seeker", role=UserRole.JOB_SEEKER)

tests\test_matches_api_intelligence.py:34: 
_ _ _ _ _ _ _ _ _ _ _ _ _ _ _ _ _ _ _ _ _ _ _ _ _ _ _ _ _ _ _ _ _ _ _ _ _ _ _ _
<string>:4: in __init__
    ???
..\AppData\Local\Packages\PythonSoftwareFoundation.Python.3.11_qbz5n2kfra8p0\LocalCache\local-packages\Python311\site-packages\sqlalchemy\orm\state.py:566: in _initialize_instance
    with util.safe_reraise():
..\AppData\Local\Packages\PythonSoftwareFoundation.Python.3.11_qbz5n2kfra8p0\LocalCache\local-packages\Python311\site-packages\sqlalchemy\util\langhelpers.py:146: in __exit__
    raise exc_value.with_traceback(exc_tb)
..\AppData\Local\Packages\PythonSoftwareFoundation.Python.3.11_qbz5n2kfra8p0\LocalCache\local-packages\Python311\site-packages\sqlalchemy\orm\state.py:564: in _initialize_instance
    manager.original_init(*mixed[1:], **kwargs)
_ _ _ _ _ _ _ _ _ _ _ _ _ _ _ _ _ _ _ _ _ _ _ _ _ _ _ _ _ _ _ _ _ _ _ _ _ _ _ _

self = <app.models.user.User object at 0x00000184D88AB490>
kwargs = {'email': 'seeker@example.com', 'role': <UserRole.JOB_SEEKER: 'job_seeker'>, 'username': 'seeker'}
cls_ = <class 'app.models.user.User'>, k = 'username'

    def _declarative_constructor(self: Any, **kwargs: Any) -> None:
        """A simple constructor that allows initialization from kwargs.
    
        Sets attributes on the constructed instance using the names and
        values in ``kwargs``.
    
        Only keys that are present as
        attributes of the instance's class are allowed. These could be,
        for example, any mapped columns or relationships.
        """
        cls_ = type(self)
        for k in kwargs:
            if not hasattr(cls_, k):
>               raise TypeError(
                    "%r is an invalid keyword argument for %s" % (k, cls_.__name__)
                )
E               TypeError: 'username' is an invalid keyword argument for User

..\AppData\Local\Packages\PythonSoftwareFoundation.Python.3.11_qbz5n2kfra8p0\LocalCache\local-packages\Python311\site-packages\sqlalchemy\orm\decl_base.py:2142: TypeError
============================== warnings summary ===============================
..\AppData\Local\Packages\PythonSoftwareFoundation.Python.3.11_qbz5n2kfra8p0\LocalCache\local-packages\Python311\site-packages\pydantic\_internal\_config.py:268: 13 warnings
  C:\Users\ADMIN\AppData\Local\Packages\PythonSoftwareFoundation.Python.3.11_qbz5n2kfra8p0\LocalCache\local-packages\Python311\site-packages\pydantic\_internal\_config.py:268: PydanticDeprecatedSince20: Support for class-based `config` is deprecated, use ConfigDict instead. Deprecated in Pydantic V2.0 to be removed in V3.0. See Pydantic V2 Migration Guide at https://errors.pydantic.dev/2.5/migration/
    warnings.warn(DEPRECATION_MESSAGE, DeprecationWarning)

backend\app\core\database.py:44
  C:\Users\ADMIN\new-project\backend\app\core\database.py:44: MovedIn20Warning: The ``declarative_base()`` function is now available as sqlalchemy.orm.declarative_base(). (deprecated since: 2.0) (Background on SQLAlchemy 2.0 at: https://sqlalche.me/e/b8d9)
    Base = declarative_base()

..\AppData\Local\Packages\PythonSoftwareFoundation.Python.3.11_qbz5n2kfra8p0\LocalCache\local-packages\Python311\site-packages\pypdf\_crypt_providers\_cryptography.py:32
  C:\Users\ADMIN\AppData\Local\Packages\PythonSoftwareFoundation.Python.3.11_qbz5n2kfra8p0\LocalCache\local-packages\Python311\site-packages\pypdf\_crypt_providers\_cryptography.py:32: CryptographyDeprecationWarning: ARC4 has been moved to cryptography.hazmat.decrepit.ciphers.algorithms.ARC4 and will be removed from cryptography.hazmat.primitives.ciphers.algorithms in 48.0.0.
    from cryptography.hazmat.primitives.ciphers.algorithms import AES, ARC4

..\AppData\Local\Packages\PythonSoftwareFoundation.Python.3.11_qbz5n2kfra8p0\LocalCache\local-packages\Python311\site-packages\typer\completion.py:122
  C:\Users\ADMIN\AppData\Local\Packages\PythonSoftwareFoundation.Python.3.11_qbz5n2kfra8p0\LocalCache\local-packages\Python311\site-packages\typer\completion.py:122: DeprecationWarning: 'BaseCommand' is deprecated and will be removed in Click 9.0. Use 'Command' instead.
    cli: click.BaseCommand,

..\AppData\Local\Packages\PythonSoftwareFoundation.Python.3.11_qbz5n2kfra8p0\LocalCache\local-packages\Python311\site-packages\spacy\cli\_util.py:23
  C:\Users\ADMIN\AppData\Local\Packages\PythonSoftwareFoundation.Python.3.11_qbz5n2kfra8p0\LocalCache\local-packages\Python311\site-packages\spacy\cli\_util.py:23: DeprecationWarning: Importing 'parser.split_arg_string' is deprecated, it will only be available in 'shell_completion' in Click 9.0.
    from click.parser import split_arg_string

..\AppData\Local\Packages\PythonSoftwareFoundation.Python.3.11_qbz5n2kfra8p0\LocalCache\local-packages\Python311\site-packages\weasel\util\config.py:8
  C:\Users\ADMIN\AppData\Local\Packages\PythonSoftwareFoundation.Python.3.11_qbz5n2kfra8p0\LocalCache\local-packages\Python311\site-packages\weasel\util\config.py:8: DeprecationWarning: Importing 'parser.split_arg_string' is deprecated, it will only be available in 'shell_completion' in Click 9.0.
    from click.parser import split_arg_string

<frozen importlib._bootstrap>:241
  <frozen importlib._bootstrap>:241: DeprecationWarning: builtin type SwigPyPacked has no __module__ attribute

<frozen importlib._bootstrap>:241
  <frozen importlib._bootstrap>:241: DeprecationWarning: builtin type SwigPyObject has no __module__ attribute

backend\app\api\v1\matches.py:591
  C:\Users\ADMIN\new-project\backend\app\api\v1\matches.py:591: DeprecationWarning: `regex` has been deprecated, please use `pattern` instead
    status: str = Query(..., regex="^(matched|applied|screened|interview|offered|hired|rejected)$"),

backend\app\schemas\auth.py:20
  C:\Users\ADMIN\new-project\backend\app\schemas\auth.py:20: PydanticDeprecatedSince20: Pydantic V1 style `@validator` validators are deprecated. You should migrate to Pydantic V2 style `@field_validator` validators, see the migration guide for more details. Deprecated in Pydantic V2.0 to be removed in V3.0. See Pydantic V2 Migration Guide at https://errors.pydantic.dev/2.5/migration/
    @validator('full_name', pre=True)

backend\app\schemas\auth.py:35
  C:\Users\ADMIN\new-project\backend\app\schemas\auth.py:35: PydanticDeprecatedSince20: Pydantic V1 style `@validator` validators are deprecated. You should migrate to Pydantic V2 style `@field_validator` validators, see the migration guide for more details. Deprecated in Pydantic V2.0 to be removed in V3.0. See Pydantic V2 Migration Guide at https://errors.pydantic.dev/2.5/migration/
    @validator('phone', pre=True, always=True)

backend\app\schemas\auth.py:52
  C:\Users\ADMIN\new-project\backend\app\schemas\auth.py:52: PydanticDeprecatedSince20: Pydantic V1 style `@validator` validators are deprecated. You should migrate to Pydantic V2 style `@field_validator` validators, see the migration guide for more details. Deprecated in Pydantic V2.0 to be removed in V3.0. See Pydantic V2 Migration Guide at https://errors.pydantic.dev/2.5/migration/
    @validator('password', pre=True)

backend\app\schemas\auth.py:69
  C:\Users\ADMIN\new-project\backend\app\schemas\auth.py:69: PydanticDeprecatedSince20: Pydantic V1 style `@validator` validators are deprecated. You should migrate to Pydantic V2 style `@field_validator` validators, see the migration guide for more details. Deprecated in Pydantic V2.0 to be removed in V3.0. See Pydantic V2 Migration Guide at https://errors.pydantic.dev/2.5/migration/
    @validator('email', pre=True)

backend\app\schemas\auth.py:198
  C:\Users\ADMIN\new-project\backend\app\schemas\auth.py:198: PydanticDeprecatedSince20: Pydantic V1 style `@validator` validators are deprecated. You should migrate to Pydantic V2 style `@field_validator` validators, see the migration guide for more details. Deprecated in Pydantic V2.0 to be removed in V3.0. See Pydantic V2 Migration Guide at https://errors.pydantic.dev/2.5/migration/
    @validator('new_password')

backend\app\schemas\auth.py:222
  C:\Users\ADMIN\new-project\backend\app\schemas\auth.py:222: PydanticDeprecatedSince20: Pydantic V1 style `@validator` validators are deprecated. You should migrate to Pydantic V2 style `@field_validator` validators, see the migration guide for more details. Deprecated in Pydantic V2.0 to be removed in V3.0. See Pydantic V2 Migration Guide at https://errors.pydantic.dev/2.5/migration/
    @validator('new_password')

backend\app\schemas\auth.py:237
  C:\Users\ADMIN\new-project\backend\app\schemas\auth.py:237: PydanticDeprecatedSince20: Pydantic V1 style `@validator` validators are deprecated. You should migrate to Pydantic V2 style `@field_validator` validators, see the migration guide for more details. Deprecated in Pydantic V2.0 to be removed in V3.0. See Pydantic V2 Migration Guide at https://errors.pydantic.dev/2.5/migration/
    @validator('new_password')

backend\app\api\v1\admin.py:222
  C:\Users\ADMIN\new-project\backend\app\api\v1\admin.py:222: DeprecationWarning: `regex` has been deprecated, please use `pattern` instead
    status: str = Query(None, regex="^(pending|verified|all)$"),

backend\app\main.py:68
  C:\Users\ADMIN\new-project\backend\app\main.py:68: DeprecationWarning: 
          on_event is deprecated, use lifespan event handlers instead.
  
          Read more about it in the
          [FastAPI docs for Lifespan Events](https://fastapi.tiangolo.com/advanced/events/).
          
    @app.on_event("startup")

..\AppData\Local\Packages\PythonSoftwareFoundation.Python.3.11_qbz5n2kfra8p0\LocalCache\local-packages\Python311\site-packages\fastapi\applications.py:4547
  C:\Users\ADMIN\AppData\Local\Packages\PythonSoftwareFoundation.Python.3.11_qbz5n2kfra8p0\LocalCache\local-packages\Python311\site-packages\fastapi\applications.py:4547: DeprecationWarning: 
          on_event is deprecated, use lifespan event handlers instead.
  
          Read more about it in the
          [FastAPI docs for Lifespan Events](https://fastapi.tiangolo.com/advanced/events/).
          
    return self.router.on_event(event_type)

-- Docs: https://docs.pytest.org/en/stable/how-to/capture-warnings.html
=========================== short test summary info ===========================
FAILED tests/test_matches_api_intelligence.py::test_get_my_matches_with_intelligence
======================= 1 failed, 31 warnings in 14.46s =======================
python : sys:1: DeprecationWarning: builtin type swigvarlink has no __module__ attribute
At line:1 char:82
+ ... ="backend"; python -m pytest tests/test_matches_api_intelligence.py:: ...
+                 ~~~~~~~~~~~~~~~~~~~~~~~~~~~~~~~~~~~~~~~~~~~~~~~~~~~~~~~~~
    + CategoryInfo          : NotSpecified: (sys:1: Deprecat...ule__ attribute:String) [], RemoteException
    + FullyQualifiedErrorId : NativeCommandError
 
